// Jest Snapshot v1, https://goo.gl/fbAQLP

exports[`renders HomeScreen correctly 1`] = `
<div
  className="parallax-scroll-view"
>
  <div
    className="themed-view"
  >
    <span
      className="themed-text"
    >
      Welcome!
    </span>
    <div>
      Hello Wave
    </div>
  </div>
  <div
    className="themed-view"
  >
    <span
      className="themed-text"
    >
      Step 1: Try it
    </span>
    <span
      className="themed-text"
    >
      Edit 
      <span
        className="themed-text"
      >
        app/(tabs)/index.tsx
      </span>
       to see changes. Press
       
      <span
        className="themed-text"
      >
        F12
      </span>
       
      to open developer tools.
    </span>
  </div>
  <div
    className="themed-view"
  >
    <span
      className="themed-text"
    >
      Step 2: Explore
    </span>
    <span
      className="themed-text"
    >
      Tap the Explore tab to learn more about what's included in this starter app.
    </span>
  </div>
  <div
    className="themed-view"
  >
    <span
      className="themed-text"
    >
      Step 3: Get a fresh start
    </span>
    <span
      className="themed-text"
    >
      When you're ready, run
       
      <span
        className="themed-text"
      >
        npm run reset-project
      </span>
       to get a fresh
       
      <span
        className="themed-text"
      >
        app
      </span>
       directory. This will move the current
       
      <span
        className="themed-text"
      >
        app
      </span>
       to
       
      <span
        className="themed-text"
      >
        app-example
      </span>
      .
    </span>
  </div>
</div>
`;
