// Jest Snapshot v1, https://goo.gl/fbAQLP

exports[`Card Component matches snapshot 1`] = `
<View
  accessibilityState={
    {
      "busy": undefined,
      "checked": undefined,
      "disabled": undefined,
      "expanded": undefined,
      "selected": undefined,
    }
  }
  accessibilityValue={
    {
      "max": undefined,
      "min": undefined,
      "now": undefined,
      "text": undefined,
    }
  }
  accessible={true}
  collapsable={false}
  focusable={false}
  onClick={[Function]}
  onResponderGrant={[Function]}
  onResponderMove={[Function]}
  onResponderRelease={[Function]}
  onResponderTerminate={[Function]}
  onResponderTerminationRequest={[Function]}
  onStartShouldSetResponder={[Function]}
  style={
    {
      "alignItems": "center",
      "backgroundColor": "#F5F5F5",
      "borderRadius": 10,
      "elevation": 5,
      "height": 150,
      "justifyContent": "center",
      "margin": 10,
      "opacity": 1,
      "shadowColor": "#000",
      "shadowOffset": {
        "height": 2,
        "width": 0,
      },
      "shadowOpacity": 0.2,
      "shadowRadius": 3,
      "width": 150,
    }
  }
>
  <Icon
    color="#9B1B30"
    name="home"
    size={40}
    style={
      {
        "marginBottom": 10,
      }
    }
  />
  <Text
    style={
      {
        "color": "#333",
        "fontSize": 16,
        "fontWeight": "bold",
      }
    }
  >
    Home
  </Text>
</View>
`;
